
 	"Hello, world!"
 	\t\"Hello, world!\"\n 
 	\t"Hello, world!"\n
