Zzz...
What?
Hello, world!
"Hello, world!" 
Hello, \1!	# This is not a comment
Hello, \3! \n\t# This is not a comment




What? 
Goodbye, world! 
What?
